number,expected
0,Yes
1,Yes
2,No
3,Yes
4,No
5,No
6,Yes
7,Yes
8,No
9,Yes
10,Yes
